time="2026-07-05T14:38:02+01:00" level=warning msg="/home/arthur/Projects/scout-takehome/docker-compose.yml: the attribute `version` is obsolete, it will be ignored, please remove it to avoid potential confusion"
 Network scout-takehome_scout-network Creating 
 Network scout-takehome_scout-network Created 
 Container scout-minio Creating 
 Container scout-minio Created 
 Container scout-backend Creating 
 Container scout-backend Created 
 Container scout-frontend Creating 
 Container scout-frontend Created 
Attaching to scout-backend, scout-frontend, scout-minio
 Container scout-minio Starting 
 Container scout-minio Started 
 Container scout-backend Starting 
scout-backend  | --------------------------------------------------------
scout-backend  |  docker-compose-wait 2.7.2
scout-backend  | ---------------------------
scout-backend  | Starting with configuration:
scout-backend  |  - Hosts to be waiting for: []
scout-backend  |  - Timeout before failure: 30 seconds 
scout-backend  |  - TCP connection timeout before retry: 5 seconds 
scout-backend  |  - Sleeping time before checking for hosts availability: 0 seconds
scout-backend  |  - Sleeping time once all hosts are available: 0 seconds
scout-backend  |  - Sleeping time between retries: 1 seconds
scout-backend  | --------------------------------------------------------
scout-backend  | docker-compose-wait - Everything's fine, the application can now start!
scout-backend  | --------------------------------------------------------
scout-backend  | 2026/07/05 13:38:03 While parsing config: line `app:` doesn't match format
 Container scout-backend Started 
 Container scout-frontend Starting 
[Kscout-backend exited with code 1
scout-minio    | MinIO Object Storage Server
scout-minio    | Copyright: 2015-2026 MinIO, Inc.
scout-minio    | License: GNU AGPLv3 - https://www.gnu.org/licenses/agpl-3.0.html
scout-minio    | Version: RELEASE.2025-09-07T16-13-09Z (go1.24.6 linux/amd64)
scout-minio    | 
scout-minio    | API: http://172.24.0.2:9000  http://127.0.0.1:9000 
scout-minio    | WebUI: http://172.24.0.2:9001 http://127.0.0.1:9001  
scout-minio    | 
scout-minio    | Docs: https://docs.min.io
scout-minio    | WARN: Detected default credentials 'minioadmin:minioadmin', we recommend that you change these values with 'MINIO_ROOT_USER' and 'MINIO_ROOT_PASSWORD' environment variables
scout-frontend  | /docker-entrypoint.sh: /docker-entrypoint.d/ is not empty, will attempt to perform configuration
scout-frontend  | /docker-entrypoint.sh: Looking for shell scripts in /docker-entrypoint.d/
scout-frontend  | /docker-entrypoint.sh: Launching /docker-entrypoint.d/10-listen-on-ipv6-by-default.sh
 Container scout-frontend Started 
scout-frontend  | 10-listen-on-ipv6-by-default.sh: info: Getting the checksum of /etc/nginx/conf.d/default.conf
scout-frontend  | 10-listen-on-ipv6-by-default.sh: info: /etc/nginx/conf.d/default.conf differs from the packaged version
scout-frontend  | /docker-entrypoint.sh: Sourcing /docker-entrypoint.d/15-local-resolvers.envsh
scout-frontend  | /docker-entrypoint.sh: Launching /docker-entrypoint.d/20-envsubst-on-templates.sh
scout-frontend  | /docker-entrypoint.sh: Launching /docker-entrypoint.d/30-tune-worker-processes.sh
scout-frontend  | /docker-entrypoint.sh: Configuration complete; ready for start up
scout-frontend  | 2026/07/05 13:38:04 [emerg] 1#1: host not found in upstream "backend" in /etc/nginx/conf.d/default.conf:20
scout-frontend  | nginx: [emerg] host not found in upstream "backend" in /etc/nginx/conf.d/default.conf:20
[Kscout-frontend exited with code 1
